[htmldemo.net/raz/raz/index.html]
[backblue.gif]
[fade.gif]
[index.html]
[htmldemo.net/raz/raz/assets/images/favicon.ico]
[htmldemo.net/raz/raz/assets/css/vendor/iconfont.min.css]
[htmldemo.net/raz/raz/assets/css/vendor/bootstrap.min.css]
[htmldemo.net/raz/raz/assets/css/vendor/revslider.css]
[htmldemo.net/raz/raz/assets/css/plugins/plugins.css]
[htmldemo.net/raz/raz/assets/css/vendor/helper.css]
[htmldemo.net/raz/raz/assets/js/vendor/modernizr-2.8.3.min.js]
[htmldemo.net/raz/raz/assets/images/logo.png]
[htmldemo.net/raz/raz/index-2.html]
[htmldemo.net/raz/raz/assets/css/style.css]
[htmldemo.net/raz/raz/index-4.html]
[htmldemo.net/raz/raz/index-5.html]
[htmldemo.net/raz/raz/index-3.html]
[htmldemo.net/raz/raz/index-7.html]
[htmldemo.net/raz/raz/index-6.html]
[htmldemo.net/raz/raz/index-9.html]
[htmldemo.net/raz/raz/index-8.html]
[htmldemo.net/raz/raz/index-11.html]
[htmldemo.net/raz/raz/index-10.html]
[htmldemo.net/raz/raz/index-13.html]
[htmldemo.net/raz/raz/index-12.html]
[htmldemo.net/raz/raz/coming-soon.html]
[htmldemo.net/raz/raz/index-14.html]
[htmldemo.net/raz/raz/coming-soon-two.html]
[htmldemo.net/raz/raz/about.html]
[htmldemo.net/raz/raz/404.html]
[htmldemo.net/raz/raz/contact.html]
[htmldemo.net/raz/raz/faq.html]
[htmldemo.net/raz/raz/portfolio-classic.html]
[htmldemo.net/raz/raz/portfolio-fullwidth.html]
[htmldemo.net/raz/raz/portfolio-single.html]
[htmldemo.net/raz/raz/shop-fullwidth.html]
[htmldemo.net/raz/raz/shop-left-sidebar.html]
[htmldemo.net/raz/raz/shop-masonry.html]
[htmldemo.net/raz/raz/shop-collections.html]
[htmldemo.net/raz/raz/shop-instagram.html]
[htmldemo.net/raz/raz/shop-right-sidebar.html]
[htmldemo.net/raz/raz/single-product.html]
[htmldemo.net/raz/raz/shop-metro.html]
[htmldemo.net/raz/raz/single-product-2.html]
[htmldemo.net/raz/raz/single-product-3.html]
[htmldemo.net/raz/raz/single-product-5.html]
[htmldemo.net/raz/raz/single-product-4.html]
[htmldemo.net/raz/raz/single-product-affiliate.html]
[htmldemo.net/raz/raz/single-product-configurable.html]
[htmldemo.net/raz/raz/wishlist.html]
[htmldemo.net/raz/raz/single-product-group.html]
[htmldemo.net/raz/raz/compare.html]
[htmldemo.net/raz/raz/cart.html]
[htmldemo.net/raz/raz/checkout.html]
[htmldemo.net/raz/raz/my-account.html]
[htmldemo.net/raz/raz/order-tracking.html]
[htmldemo.net/raz/raz/assets/images/banner/banner-megamenu.jpg]
[htmldemo.net/raz/raz/blog.html]
[htmldemo.net/raz/raz/blog-nosidebar.html]
[htmldemo.net/raz/raz/blog-two-column.html]
[htmldemo.net/raz/raz/blog-mansory.html]
[htmldemo.net/raz/raz/blog-list.html]
[htmldemo.net/raz/raz/blog-details.html]
[htmldemo.net/raz/raz/blog-details-2.html]
[htmldemo.net/raz/raz/blog-details-3.html]
[htmldemo.net/raz/raz/assets/images/cart/cart-1.jpg]
[htmldemo.net/raz/raz/assets/images/cart/cart-2.jpg]
[htmldemo.net/raz/raz/assets/images/cart/cart-3.jpg]
[htmldemo.net/raz/raz/assets/images/banner/img-hamburger-banner.jpg]
[htmldemo.net/raz/raz/assets/images/payment_info.png]
[htmldemo.net/raz/raz/assets/images/transparent.png]
[htmldemo.net/raz/raz/assets/images/hero/home-1/home01-slide-02.png]
[htmldemo.net/raz/raz/assets/images/hero/home-1/home01-slide-01.png]
[htmldemo.net/raz/raz/assets/images/hero/home-1/home04-banner-03.png]
[htmldemo.net/raz/raz/assets/images/hero/home-1/home01-slide-04.png]
[htmldemo.net/raz/raz/assets/images/hero/home-1/home01-slide-03.png]
[htmldemo.net/raz/raz/assets/images/about/about1.jpg]
[htmldemo.net/raz/raz/assets/images/icons/play-btn-02.png]
[htmldemo.net/raz/raz/assets/images/banner/home01-banner-01.jpg]
[htmldemo.net/raz/raz/assets/images/banner/home01-banner-02.jpg]
[htmldemo.net/raz/raz/assets/images/banner/home01-banner-03.jpg]
[htmldemo.net/raz/raz/assets/images/banner/home01-banner-04.jpg]
[htmldemo.net/raz/raz/assets/images/product/product01.jpg]
[htmldemo.net/raz/raz/assets/images/product/product02.jpg]
[htmldemo.net/raz/raz/assets/images/product/product03.jpg]
[htmldemo.net/raz/raz/assets/images/product/product04.jpg]
[htmldemo.net/raz/raz/assets/images/product/product05.jpg]
[htmldemo.net/raz/raz/assets/images/product/product06.jpg]
[htmldemo.net/raz/raz/assets/images/product/product07.jpg]
[htmldemo.net/raz/raz/assets/images/product/product08.jpg]
[htmldemo.net/raz/raz/assets/images/product/product09.jpg]
[htmldemo.net/raz/raz/assets/images/product/product10.jpg]
[htmldemo.net/raz/raz/assets/images/product/product11.jpg]
[htmldemo.net/raz/raz/assets/images/product/product12.jpg]
[htmldemo.net/raz/raz/assets/images/product/product13.jpg]
[htmldemo.net/raz/raz/assets/images/product/product14.jpg]
[htmldemo.net/raz/raz/assets/images/product/product15.jpg]
[htmldemo.net/raz/raz/assets/images/product/product16.jpg]
[htmldemo.net/raz/raz/assets/images/product/product17.jpg]
[htmldemo.net/raz/raz/assets/images/product/product18.jpg]
[htmldemo.net/raz/raz/assets/images/product/product19.jpg]
[htmldemo.net/raz/raz/assets/images/product/product20.jpg]
[htmldemo.net/raz/raz/assets/images/product/product21.jpg]
[htmldemo.net/raz/raz/assets/images/product/product22.jpg]
[htmldemo.net/raz/raz/assets/images/product/product23.jpg]
[htmldemo.net/raz/raz/assets/images/product/product24.jpg]
[htmldemo.net/raz/raz/assets/images/product/product26.jpg]
[htmldemo.net/raz/raz/assets/images/product/product27.jpg]
[htmldemo.net/raz/raz/assets/images/product/product28.jpg]
[htmldemo.net/raz/raz/assets/images/product/product29.jpg]
[htmldemo.net/raz/raz/assets/images/product/product30.jpg]
[htmldemo.net/raz/raz/assets/images/product/product31.jpg]
[htmldemo.net/raz/raz/assets/images/product/product32.jpg]
[htmldemo.net/raz/raz/assets/images/product/product33.jpg]
[htmldemo.net/raz/raz/assets/images/product/product34.jpg]
[htmldemo.net/raz/raz/assets/images/product/product35.jpg]
[htmldemo.net/raz/raz/assets/images/product/product36.jpg]
[htmldemo.net/raz/raz/assets/images/product/product37.jpg]
[htmldemo.net/raz/raz/assets/images/product/product38.jpg]
[htmldemo.net/raz/raz/assets/images/banner/modern-banner.jpg]
[htmldemo.net/raz/raz/shop.html]
[htmldemo.net/raz/raz/assets/images/banner/home01-banner-05.jpg]
[htmldemo.net/raz/raz/assets/images/banner/home01-banner-06.jpg]
[htmldemo.net/raz/raz/assets/images/blog/blog01.jpg]
[htmldemo.net/raz/raz/assets/images/blog/blog02.jpg]
[htmldemo.net/raz/raz/assets/images/product/product-big/product01.jpg]
[htmldemo.net/raz/raz/assets/images/product/product-big/product02.jpg]
[htmldemo.net/raz/raz/assets/images/product/product-big/product03.jpg]
[htmldemo.net/raz/raz/assets/images/product/product-big/product04.jpg]
[htmldemo.net/raz/raz/assets/images/product/product-big/product05.jpg]
[htmldemo.net/raz/raz/assets/images/product/product-small/product01.jpg]
[htmldemo.net/raz/raz/assets/images/product/product-small/product02.jpg]
[htmldemo.net/raz/raz/assets/images/product/product-small/product03.jpg]
[htmldemo.net/raz/raz/assets/images/product/product-small/product04.jpg]
[htmldemo.net/raz/raz/assets/images/product/product-small/product05.jpg]
[htmldemo.net/raz/raz/assets/images/logo-white.png]
[htmldemo.net/raz/raz/assets/js/vendor/jquery-1.12.4.min.js]
[htmldemo.net/raz/raz/assets/js/vendor/bootstrap.min.js]
[htmldemo.net/raz/raz/assets/js/plugins/plugins.js]
[htmldemo.net/raz/raz/assets/js/rev/jquery.themepunch.revolution.min.js]
[htmldemo.net/raz/raz/assets/js/rev/revolution.extension.actions.min.js]
[htmldemo.net/raz/raz/assets/js/rev/jquery.themepunch.tools.min.js]
[htmldemo.net/raz/raz/assets/js/rev/revolution.extension.carousel.min.js]
[htmldemo.net/raz/raz/assets/js/rev/revolution.extension.kenburn.min.js]
[htmldemo.net/raz/raz/assets/js/rev/revolution.extension.migration.min.js]
[htmldemo.net/raz/raz/assets/js/rev/revolution.extension.layeranimation.min.js]
[htmldemo.net/raz/raz/assets/js/rev/revolution.extension.navigation.min.js]
[htmldemo.net/raz/raz/assets/js/rev/revolution.extension.parallax.min.js]
[htmldemo.net/raz/raz/assets/js/rev/revolution.extension.slideanims.min.js]
[htmldemo.net/raz/raz/assets/js/rev/revolution.extension.video.min.js]
[htmldemo.net/raz/raz/assets/js/rev/revoulation.js]
[htmldemo.net/raz/raz/index.html]
[htmldemo.net/raz/raz/assets/css/vendor/bootstrap.min.css]
[htmldemo.net/raz/raz/assets/js/main.js]
[htmldemo.net/raz/raz/assets/fonts/fontawesome-webfont3e6e.woff2]
[htmldemo.net/raz/raz/assets/fonts/fontawesome-webfontd41d.eot]
[htmldemo.net/raz/raz/assets/fonts/fontawesome-webfont3e6e.eot]
[htmldemo.net/raz/raz/assets/fonts/fontawesome-webfont3e6e.woff]
[htmldemo.net/raz/raz/assets/css/fonts/fontawesome-webfont3e6e.ttf]
[htmldemo.net/raz/raz/assets/fonts/dlicon.woff2]
[htmldemo.net/raz/raz/assets/fonts/dlicon.woff]
[htmldemo.net/raz/raz/assets/fonts/fontawesome-webfont3e6e.svg]
[htmldemo.net/raz/raz/assets/fonts/dlicon.ttf]
[htmldemo.net/raz/raz/assets/css/vendor/iconfont.min.css]
[htmldemo.net/raz/raz/assets/css/vendor/helper.css]
[htmldemo.net/raz/raz/assets/css/plugins/images/ui-icons_444444_256x240.png]
[htmldemo.net/raz/raz/assets/css/plugins/images/ui-icons_555555_256x240.png]
[htmldemo.net/raz/raz/assets/css/plugins/images/ui-icons_ffffff_256x240.png]
[htmldemo.net/raz/raz/assets/css/plugins/images/ui-icons_777620_256x240.png]
[htmldemo.net/raz/raz/assets/css/plugins/images/ui-icons_cc0000_256x240.png]
[htmldemo.net/raz/raz/assets/css/plugins/images/ui-icons_777777_256x240.png]
[htmldemo.net/raz/raz/assets/css/fonts/revicons/revicons90c6.eot]
[htmldemo.net/raz/raz/assets/css/fonts/revicons/revicons90c6.woff]
[htmldemo.net/raz/raz/assets/css/fonts/revicons/revicons90c6.ttf]
[htmldemo.net/raz/raz/assets/css/fonts/revicons/revicons90c6.svg]
[htmldemo.net/raz/raz/assets/css/plugins/openhand.cur]
[htmldemo.net/raz/raz/assets/css/plugins/closedhand.cur]
[htmldemo.net/raz/raz/assets/css/assets/gridtile.png]
[htmldemo.net/raz/raz/assets/css/assets/gridtile_white.png]
[htmldemo.net/raz/raz/assets/css/assets/gridtile_3x3.png]
[htmldemo.net/raz/raz/assets/css/assets/gridtile_3x3_white.png]
[htmldemo.net/raz/raz/assets/images/coloredbg.png]
[htmldemo.net/raz/raz/assets/images/loader.gif]
[htmldemo.net/raz/raz/assets/css/plugins/plugins.css]
[htmldemo.net/raz/raz/assets/css/vendor/revslider.css]
[htmldemo.net/raz/raz/assets/images/icons/quote-left.png]
[htmldemo.net/raz/raz/assets/img/icon-img/select.png]
[htmldemo.net/raz/raz/assets/images/icons/button-play-3.png]
[htmldemo.net/raz/raz/assets/css/style.css]
[htmldemo.net/raz/raz/assets/images/assets/images/transparent.png]
[htmldemo.net/raz/raz/assets/images/hero/home-2/home02-slide-01.jpg]
[htmldemo.net/raz/raz/assets/assets/images/transparent.png]
[htmldemo.net/raz/raz/assets/images/hero/home-2/home02-slide-02.jpg]
[htmldemo.net/raz/raz/assets/images/hero/home-2/home02-slide-03.jpg]
[htmldemo.net/raz/raz/assets/images/banner/home02-banner-01.png]
[htmldemo.net/raz/raz/assets/images/banner/home02-banner-01.jpg]
[htmldemo.net/raz/raz/assets/images/banner/home02-banner-02.jpg]
[htmldemo.net/raz/raz/assets/images/banner/home02-banner-03.jpg]
[htmldemo.net/raz/raz/assets/images/banner/home02-banner-04.jpg]
[htmldemo.net/raz/raz/assets/images/banner/home02-banner-05.jpg]
[htmldemo.net/raz/raz/assets/images/banner/home02-banner-06.jpg]
[htmldemo.net/raz/raz/assets/images/bg/bg-testimonial.png]
[htmldemo.net/raz/raz/assets/images/author/testimonial-03.jpg]
[htmldemo.net/raz/raz/assets/images/author/testimonial-02.jpg]
[htmldemo.net/raz/raz/assets/images/brands/brand_01.png]
[htmldemo.net/raz/raz/assets/images/brands/brand_02.png]
[htmldemo.net/raz/raz/assets/images/brands/brand_03.png]
[htmldemo.net/raz/raz/assets/images/brands/brand_04.png]
[htmldemo.net/raz/raz/assets/images/brands/brand_05.png]
[htmldemo.net/raz/raz/assets/images/brands/brand_06.png]
[htmldemo.net/raz/raz/index-2.html]
[htmldemo.net/raz/raz/assets/images/hero/home-3/home03-slide-01.png]
[htmldemo.net/raz/raz/assets/images/hero/home-3/home03-slide-02.png]
[htmldemo.net/raz/raz/assets/images/hero/home-3/home03-slide-04.png]
[htmldemo.net/raz/raz/assets/images/hero/home-3-intro/home03-banner-02.jpg]
[htmldemo.net/raz/raz/assets/images/hero/home-3-intro/home03-banner-01.jpg]
[htmldemo.net/raz/raz/assets/images/banner/home03-banner-03.jpg]
[htmldemo.net/raz/raz/assets/images/banner/home03-banner-04.jpg]
[htmldemo.net/raz/raz/assets/images/banner/home03-banner-05.jpg]
[htmldemo.net/raz/raz/assets/images/logo-furniture.png]
[htmldemo.net/raz/raz/index-3.html]
[htmldemo.net/raz/raz/assets/images/hero/home04-intro-02.png]
[htmldemo.net/raz/raz/assets/images/hero/home04-intro-01.png]
[htmldemo.net/raz/raz/assets/images/banner/home04-banner-01.jpg]
[htmldemo.net/raz/raz/assets/images/banner/home04-banner-02.png]
[htmldemo.net/raz/raz/assets/images/banner/home04-banner-03.png]
[htmldemo.net/raz/raz/assets/images/banner/home04-banner-04.png]
[htmldemo.net/raz/raz/assets/images/banner/home04-banner-05.png]
[htmldemo.net/raz/raz/assets/images/banner/home04-banner-06.png]
[htmldemo.net/raz/raz/index-4.html]
[htmldemo.net/raz/raz/assets/images/hero/home-5/home05-slide-01.jpg]
[htmldemo.net/raz/raz/assets/images/hero/home-5/home05-slide-02.jpg]
[htmldemo.net/raz/raz/assets/images/hero/home-5/home05-slide-03.jpg]
[htmldemo.net/raz/raz/assets/images/banner/home05-banner-01.jpg]
[htmldemo.net/raz/raz/assets/images/banner/home05-banner-02.jpg]
[htmldemo.net/raz/raz/assets/images/banner/home05-banner-03.jpg]
[htmldemo.net/raz/raz/assets/images/product/product25.jpg]
[htmldemo.net/raz/raz/index-5.html]
[htmldemo.net/raz/raz/assets/images/hero/hero-6-1.jpg]
[htmldemo.net/raz/raz/assets/images/product/product-h-6/product-1.jpg]
[htmldemo.net/raz/raz/assets/images/product/product-h-6/product-2.jpg]
[htmldemo.net/raz/raz/assets/images/product/product-h-6/product-3.jpg]
[htmldemo.net/raz/raz/assets/images/product/product-h-6/product-4.jpg]
[htmldemo.net/raz/raz/assets/images/product/product-h-6/product-5.jpg]
[htmldemo.net/raz/raz/assets/images/product/product-h-6/product-6.jpg]
[htmldemo.net/raz/raz/assets/images/product/product-h-6/product-7.jpg]
[htmldemo.net/raz/raz/assets/images/product/product-h-6/product-8.jpg]
[htmldemo.net/raz/raz/assets/images/product/product-h-6/product-9.jpg]
[htmldemo.net/raz/raz/assets/images/product/product-h-6/product-10.jpg]
[htmldemo.net/raz/raz/assets/images/product/product-h-6/product-11.jpg]
[htmldemo.net/raz/raz/assets/images/product/product-h-6/product-12.jpg]
[htmldemo.net/raz/raz/assets/images/author/testimonial-01.jpg]
[htmldemo.net/raz/raz/assets/images/author/testimonial-04.jpg]
[htmldemo.net/raz/raz/index-6.html]
[htmldemo.net/raz/raz/assets/images/banner/categori-banner/home07-banner-04.jpg]
[htmldemo.net/raz/raz/assets/images/banner/categori-banner/home07-banner-03.jpg]
[htmldemo.net/raz/raz/assets/images/banner/categori-banner/home07-banner-02.jpg]
[htmldemo.net/raz/raz/assets/images/banner/categori-banner/home07-banner-01.jpg]
[htmldemo.net/raz/raz/index-7.html]
[htmldemo.net/raz/raz/assets/images/hero/home-8/home08-slide-02.jpg]
[htmldemo.net/raz/raz/assets/images/hero/home-8/home08-slide-01.jpg]
[htmldemo.net/raz/raz/assets/images/hero/home-8/home08-slide-04.jpg]
[htmldemo.net/raz/raz/assets/images/hero/home-8/home08-slide-05.jpg]
[htmldemo.net/raz/raz/assets/images/hero/home-8/home08-slide-06.jpg]
[htmldemo.net/raz/raz/assets/images/portfolio/poftfolio-item-12.jpg]
[htmldemo.net/raz/raz/assets/images/portfolio/poftfolio-item-10.jpg]
[htmldemo.net/raz/raz/assets/images/portfolio/poftfolio-item-11.jpg]
[htmldemo.net/raz/raz/assets/images/portfolio/poftfolio-item-09.jpg]
[htmldemo.net/raz/raz/assets/images/portfolio/poftfolio-item-02.jpg]
[htmldemo.net/raz/raz/assets/images/portfolio/poftfolio-item-03.jpg]
[htmldemo.net/raz/raz/assets/images/portfolio/poftfolio-item-04.jpg]
[htmldemo.net/raz/raz/assets/images/portfolio/poftfolio-item-05.jpg]
[htmldemo.net/raz/raz/assets/images/bg/bg-testimonial.jpg]
[htmldemo.net/raz/raz/index-8.html]
[htmldemo.net/raz/raz/assets/images/banner/home09-banner-01.png]
[htmldemo.net/raz/raz/assets/images/banner/home09-banner-02.png]
[htmldemo.net/raz/raz/assets/images/banner/home09-banner-04.png]
[htmldemo.net/raz/raz/assets/images/banner/home09-banner-05.png]
[htmldemo.net/raz/raz/assets/images/banner/home09-banner-06.png]
[htmldemo.net/raz/raz/index-9.html]
[htmldemo.net/raz/raz/assets/images/hero/home-10/home04-banner-04.png]
[htmldemo.net/raz/raz/assets/images/hero/home-10/home10-slide-02.png]
[htmldemo.net/raz/raz/assets/images/hero/home-10/home09-banner-04.png]
[htmldemo.net/raz/raz/assets/images/banner/home10-banner-01.jpg]
[htmldemo.net/raz/raz/assets/images/banner/home10-banner-02.jpg]
[htmldemo.net/raz/raz/index-10.html]
[raz.la-studioweb.com/wp-content/uploads/2019/03/home11-slider-01.jpg]
[raz.la-studioweb.com/wp-content/uploads/2019/03/home11-slider-02.jpg]
[raz.la-studioweb.com/wp-content/uploads/2019/03/home11-slider-03.jpg]
[htmldemo.net/raz/raz/assets/images/banner/home11-banner-01.jpg]
[htmldemo.net/raz/raz/assets/images/banner/home11-banner-02.jpg]
[htmldemo.net/raz/raz/assets/images/banner/home11-banner-03.jpg]
[htmldemo.net/raz/raz/assets/images/banner/home11-banner-04.jpg]
[htmldemo.net/raz/raz/assets/images/banner/home11-banner-05.jpg]
[htmldemo.net/raz/raz/assets/images/banner/home11-banner-06.jpg]
[htmldemo.net/raz/raz/assets/images/banner/home11-banner-07.jpg]
[htmldemo.net/raz/raz/assets/images/banner/home11-banner-08.jpg]
[htmldemo.net/raz/raz/index-11.html]
[htmldemo.net/raz/raz/assets/images/hero/home-12/home12-slider-01.jpg]
[htmldemo.net/raz/raz/assets/images/hero/home-12/home12-slider-02.jpg]
[htmldemo.net/raz/raz/assets/images/hero/home-12/home12-slider-03.jpg]
[htmldemo.net/raz/raz/assets/images/banner/home12-banner-01.jpg]
[htmldemo.net/raz/raz/assets/images/banner/home12-banner-02.jpg]
[htmldemo.net/raz/raz/assets/images/banner/home12-banner-03.jpg]
[htmldemo.net/raz/raz/assets/images/bg/bg-parallax.jpg]
[htmldemo.net/raz/raz/assets/images/icons/bagde.png]
[htmldemo.net/raz/raz/index-12.html]
[htmldemo.net/raz/raz/assets/images/product/product-h-13/product-1.jpg]
[htmldemo.net/raz/raz/assets/images/product/product-h-13/product-2.jpg]
[htmldemo.net/raz/raz/assets/images/product/product-h-13/product-3.jpg]
[htmldemo.net/raz/raz/assets/images/product/product-h-13/product-4.jpg]
[htmldemo.net/raz/raz/assets/images/product/product-h-13/product-5.jpg]
[htmldemo.net/raz/raz/assets/images/product/product-h-13/product-6.jpg]
[htmldemo.net/raz/raz/assets/images/product/product-h-13/product-7.jpg]
[htmldemo.net/raz/raz/assets/images/product/product-h-13/product-8.jpg]
[htmldemo.net/raz/raz/assets/images/product/product-h-13/product-9.jpg]
[htmldemo.net/raz/raz/assets/images/product/product-h-13/product-10.jpg]
[htmldemo.net/raz/raz/assets/images/product/product-h-13/product-11.jpg]
[htmldemo.net/raz/raz/assets/images/product/product-h-13/product-12.jpg]
[htmldemo.net/raz/raz/index-13.html]
[htmldemo.net/raz/raz/assets/images/banner/home14-banner-01.jpg]
[htmldemo.net/raz/raz/assets/images/banner/home14-banner-02.jpg]
[htmldemo.net/raz/raz/assets/images/banner/home14-banner-03.jpg]
[htmldemo.net/raz/raz/assets/images/banner/home14-banner-04.jpg]
[htmldemo.net/raz/raz/assets/images/banner/home14-banner-05.jpg]
[htmldemo.net/raz/raz/assets/images/banner/home14-banner-06.jpg]
[htmldemo.net/raz/raz/assets/images/banner/home14-banner-07.jpg]
[htmldemo.net/raz/raz/assets/images/banner/home14-banner-08.jpg]
[htmldemo.net/raz/raz/assets/images/banner/home14-banner-09.jpg]
[htmldemo.net/raz/raz/index-14.html]
[htmldemo.net/raz/raz/coming-soon.html]
[htmldemo.net/raz/raz/coming-soon-two.html]
[htmldemo.net/raz/raz/assets/images/about/about2.jpg]
[htmldemo.net/raz/raz/assets/images/icons/icon-1.png]
[htmldemo.net/raz/raz/assets/images/icons/icon-2.png]
[htmldemo.net/raz/raz/assets/images/icons/icon-3.png]
[htmldemo.net/raz/raz/assets/images/icons/icon-4.png]
[htmldemo.net/raz/raz/assets/images/icons/icon-5.png]
[htmldemo.net/raz/raz/assets/images/icons/icon-6.png]
[htmldemo.net/raz/raz/assets/images/team/team-03.jpg]
[htmldemo.net/raz/raz/team-details.html]
[htmldemo.net/raz/raz/assets/images/team/team-02.jpg]
[htmldemo.net/raz/raz/assets/images/team/team-01.jpg]
[htmldemo.net/raz/raz/about.html]
[htmldemo.net/raz/raz/assets/images/404/bg-404.jpg]
[htmldemo.net/raz/raz/404.html]
[htmldemo.net/raz/raz/contact.html]
[htmldemo.net/raz/raz/faq.html]
[htmldemo.net/raz/raz/assets/images/portfolio/portfolio-small/poftfolio-item-12.jpg]
[htmldemo.net/raz/raz/assets/images/portfolio/portfolio-small/poftfolio-item-10.jpg]
[htmldemo.net/raz/raz/assets/images/portfolio/portfolio-small/poftfolio-item-11.jpg]
[htmldemo.net/raz/raz/assets/images/portfolio/portfolio-small/poftfolio-item-09.jpg]
[htmldemo.net/raz/raz/assets/images/portfolio/portfolio-small/poftfolio-item-02.jpg]
[htmldemo.net/raz/raz/assets/images/portfolio/portfolio-small/poftfolio-item-03.jpg]
[htmldemo.net/raz/raz/assets/images/portfolio/portfolio-small/poftfolio-item-05.jpg]
[htmldemo.net/raz/raz/portfolio-classic.html]
[htmldemo.net/raz/raz/assets/images/portfolio/poftfolio-item-11.jp]
[htmldemo.net/raz/raz/assets/images/portfolio/poftfolio-item-06.jpg]
[htmldemo.net/raz/raz/assets/images/portfolio/poftfolio-item-07.jpg]
[htmldemo.net/raz/raz/assets/images/portfolio/poftfolio-item-08.jpg]
[htmldemo.net/raz/raz/assets/images/portfolio/poftfolio-item-01.jpg]
[htmldemo.net/raz/raz/portfolio-fullwidth.html]
[htmldemo.net/raz/raz/assets/images/portfolio/details/poftfolio-01.jpg]
[htmldemo.net/raz/raz/assets/images/portfolio/details/poftfolio-02.jpg]
[htmldemo.net/raz/raz/assets/images/portfolio/details/poftfolio-03.jpg]
[htmldemo.net/raz/raz/assets/images/portfolio/details/poftfolio-04.jpg]
[htmldemo.net/raz/raz/assets/images/portfolio/details/poftfolio-05.jpg]
[htmldemo.net/raz/raz/portfolio-single.html]
[htmldemo.net/raz/raz/shop-fullwidth.html]
[htmldemo.net/raz/raz/assets/images/banner/banner-sidebar.jpg]
[htmldemo.net/raz/raz/shop-left-sidebar.html]
[htmldemo.net/raz/raz/shop-right-sidebar.html]
[htmldemo.net/raz/raz/assets/images/product/product-masonry/product01.jpg]
[htmldemo.net/raz/raz/assets/images/product/product-masonry/product02.jpg]
[htmldemo.net/raz/raz/assets/images/product/product-masonry/product03.jpg]
[htmldemo.net/raz/raz/assets/images/product/product-masonry/product04.jpg]
[htmldemo.net/raz/raz/assets/images/product/product-masonry/product05.jpg]
[htmldemo.net/raz/raz/assets/images/product/product-masonry/product06.jpg]
[htmldemo.net/raz/raz/assets/images/product/product-masonry/product07.jpg]
[htmldemo.net/raz/raz/assets/images/product/product-masonry/product08.jpg]
[htmldemo.net/raz/raz/assets/images/product/product-masonry/product09.jpg]
[htmldemo.net/raz/raz/assets/images/product/product-masonry/product10.jpg]
[htmldemo.net/raz/raz/assets/images/product/product-masonry/product11.jpg]
[htmldemo.net/raz/raz/assets/images/product/product-masonry/product12.jpg]
[htmldemo.net/raz/raz/assets/images/product/product-masonry/product13.jpg]
[htmldemo.net/raz/raz/assets/images/product/product-masonry/product14.jpg]
[htmldemo.net/raz/raz/assets/images/product/product-masonry/product15.jpg]
[htmldemo.net/raz/raz/assets/images/product/product-masonry/product16.jpg]
[htmldemo.net/raz/raz/assets/images/product/product-masonry/product17.jpg]
[htmldemo.net/raz/raz/assets/images/product/product-masonry/product18.jpg]
[htmldemo.net/raz/raz/assets/images/product/product-masonry/product19.jpg]
[htmldemo.net/raz/raz/assets/images/product/product-masonry/product20.jpg]
[htmldemo.net/raz/raz/assets/images/product/product-masonry/product21.jpg]
[htmldemo.net/raz/raz/assets/images/product/product-masonry/product22.jpg]
[htmldemo.net/raz/raz/assets/images/product/product-masonry/product23.jpg]
[htmldemo.net/raz/raz/assets/images/product/product-masonry/product24.jpg]
[htmldemo.net/raz/raz/assets/images/product/product-masonry/product25.jpg]
[htmldemo.net/raz/raz/assets/images/product/product-masonry/product26.jpg]
[htmldemo.net/raz/raz/assets/images/product/product-masonry/product27.jpg]
[htmldemo.net/raz/raz/assets/images/product/product-masonry/product28.jpg]
[htmldemo.net/raz/raz/assets/images/product/product-masonry/product29.jpg]
[htmldemo.net/raz/raz/shop-masonry.html]
[htmldemo.net/raz/raz/assets/images/banner/collections/collection-01.jpg]
[htmldemo.net/raz/raz/assets/images/banner/collections/collection-02.jpg]
[htmldemo.net/raz/raz/assets/images/banner/collections/collection-03.jpg]
[htmldemo.net/raz/raz/assets/images/banner/collections/collection-04.jpg]
[htmldemo.net/raz/raz/assets/images/banner/collections/collection-05.jpg]
[htmldemo.net/raz/raz/assets/images/banner/collections/collection-06.jpg]
[htmldemo.net/raz/raz/assets/images/banner/collections/collection-07.jpg]
[htmldemo.net/raz/raz/assets/images/banner/collections/collection-08.jpg]
[htmldemo.net/raz/raz/assets/images/banner/collections/collection-09.jpg]
[htmldemo.net/raz/raz/assets/images/banner/collections/collection-10.jpg]
[htmldemo.net/raz/raz/shop-collections.html]
[htmldemo.net/raz/raz/shop-instagram.html]
[htmldemo.net/raz/raz/assets/images/product/product-metro/product01.jpg]
[htmldemo.net/raz/raz/assets/images/product/product-metro/product02.jpg]
[htmldemo.net/raz/raz/assets/images/product/product-metro/product03.jpg]
[htmldemo.net/raz/raz/assets/images/product/product-metro/product04.jpg]
[htmldemo.net/raz/raz/assets/images/product/product-metro/product05.jpg]
[htmldemo.net/raz/raz/assets/images/product/product-metro/product06.jpg]
[htmldemo.net/raz/raz/assets/images/product/product-metro/product07.jpg]
[htmldemo.net/raz/raz/assets/images/product/product-metro/product08.jpg]
[htmldemo.net/raz/raz/assets/images/product/product-metro/product09.jpg]
[htmldemo.net/raz/raz/assets/images/product/product-metro/product10.jpg]
[htmldemo.net/raz/raz/assets/images/product/product-metro/product11.jpg]
[htmldemo.net/raz/raz/assets/images/product/product-metro/product12.jpg]
[htmldemo.net/raz/raz/assets/images/product/product-metro/product13.jpg]
[htmldemo.net/raz/raz/assets/images/product/product-metro/product14.jpg]
[htmldemo.net/raz/raz/assets/images/product/product-metro/product15.jpg]
[htmldemo.net/raz/raz/shop-metro.html]
[htmldemo.net/raz/raz/assets/images/product/product-desc/addition_04.jpg]
[htmldemo.net/raz/raz/assets/images/author/testimonial-05.jpg]
[htmldemo.net/raz/raz/assets/images/about/ab-banner/addition_01.jpg]
[htmldemo.net/raz/raz/assets/images/about/ab-banner/addition_02.jpg]
[htmldemo.net/raz/raz/assets/images/about/ab-banner/addition_03.jpg]
[htmldemo.net/raz/raz/single-product.html]
[htmldemo.net/raz/raz/assets/images/product/product-small/product06.jpg]
[htmldemo.net/raz/raz/assets/images/product/product-small/product07.jpg]
[htmldemo.net/raz/raz/assets/images/product/product-small/product08.jpg]
[htmldemo.net/raz/raz/assets/images/product/product-small/product09.jpg]
[htmldemo.net/raz/raz/assets/images/product/product-big/product06.jpg]
[htmldemo.net/raz/raz/assets/images/product/product-big/product07.jpg]
[htmldemo.net/raz/raz/assets/images/product/product-big/product08.jpg]
[htmldemo.net/raz/raz/assets/images/product/product-big/product09.jpg]
[htmldemo.net/raz/raz/single-product-2.html]
[htmldemo.net/raz/raz/assets/images/product/product-big/product10.jpg]
[htmldemo.net/raz/raz/assets/images/product/product-big/product11.jpg]
[htmldemo.net/raz/raz/assets/images/product/product-big/product12.jpg]
[htmldemo.net/raz/raz/assets/images/product/product-big/product13.jpg]
[htmldemo.net/raz/raz/assets/images/product/product-big/product14.jpg]
[htmldemo.net/raz/raz/assets/images/product/product-small/product10.jpg]
[htmldemo.net/raz/raz/assets/images/product/product-small/product11.jpg]
[htmldemo.net/raz/raz/assets/images/product/product-small/product12.jpg]
[htmldemo.net/raz/raz/assets/images/product/product-small/product13.jpg]
[htmldemo.net/raz/raz/assets/images/product/product-small/product14.jpg]
[htmldemo.net/raz/raz/single-product-3.html]
[htmldemo.net/raz/raz/single-product-4.html]
[htmldemo.net/raz/raz/assets/images/product/product-big/product15.jpg]
[htmldemo.net/raz/raz/assets/images/product/product-big/product16.jpg]
[htmldemo.net/raz/raz/assets/images/product/product-big/product17.jpg]
[htmldemo.net/raz/raz/single-product-5.html]
[htmldemo.net/raz/raz/single-product-configurable.html]
[htmldemo.net/raz/raz/single-product-affiliate.html]
[htmldemo.net/raz/raz/single-product-group.html]
[htmldemo.net/raz/raz/product-details.html]
[htmldemo.net/raz/raz/cart.html]
[htmldemo.net/raz/raz/wishlist.html]
[htmldemo.net/raz/raz/compare.html]
[htmldemo.net/raz/raz/checkout.html]
[htmldemo.net/raz/raz/my-account.html]
[htmldemo.net/raz/raz/assets/images/order/order-tracking.jpg]
[htmldemo.net/raz/raz/order-tracking.html]
[htmldemo.net/raz/raz/assets/images/blog/blog03.jpg]
[htmldemo.net/raz/raz/assets/images/blog/blog04.jpg]
[htmldemo.net/raz/raz/assets/images/blog/blog06.jpg]
[htmldemo.net/raz/raz/assets/images/blog/blog07.jpg]
[htmldemo.net/raz/raz/assets/images/rc-post/rc01.jpg]
[htmldemo.net/raz/raz/assets/images/rc-post/rc02.jpg]
[htmldemo.net/raz/raz/assets/images/rc-post/rc03.jpg]
[htmldemo.net/raz/raz/assets/images/rc-post/rc04.jpg]
[htmldemo.net/raz/raz/assets/images/banner/banner-sidebar-02.jpg]
[htmldemo.net/raz/raz/blog.html]
[htmldemo.net/raz/raz/blog-nosidebar.html]
[htmldemo.net/raz/raz/blog-two-column.html]
[htmldemo.net/raz/raz/assets/images/blog/blog08.jpg]
[htmldemo.net/raz/raz/assets/images/blog/blog09.jpg]
[htmldemo.net/raz/raz/assets/images/blog/blog10.jpg]
[htmldemo.net/raz/raz/blog-mansory.html]
[htmldemo.net/raz/raz/blog-list.html]
[htmldemo.net/raz/raz/assets/images/blog/blog_detail_01.jpg]
[htmldemo.net/raz/raz/blog-details.html]
[htmldemo.net/raz/raz/assets/images/blog/blog_detail_02.jpg]
[htmldemo.net/raz/raz/assets/images/blog/blog_detail_03.jpg]
[htmldemo.net/raz/raz/blog-details-2.html]
[htmldemo.net/raz/raz/assets/images/blog/blog_detail_05.jpg]
[htmldemo.net/raz/raz/blog-details-3.html]
[htmldemo.net/raz/raz/shop.html]
[htmldemo.net/raz/raz/assets/css/fonts/fontawesome-webfont3e6e.html]
[htmldemo.net/raz/raz/assets/fonts/fontawesome-webfont3e6e.svg]
[htmldemo.net/raz/raz/assets/css/plugins/images/ui-icons_444444_256x240.html]
[htmldemo.net/raz/raz/assets/css/plugins/images/ui-icons_555555_256x240.html]
[htmldemo.net/raz/raz/assets/css/plugins/images/ui-icons_ffffff_256x240.html]
[htmldemo.net/raz/raz/assets/css/plugins/images/ui-icons_777620_256x240.html]
[htmldemo.net/raz/raz/assets/css/plugins/images/ui-icons_cc0000_256x240.html]
[htmldemo.net/raz/raz/assets/css/plugins/images/ui-icons_777777_256x240.html]
[htmldemo.net/raz/raz/assets/css/fonts/revicons/revicons90c6.html]
[htmldemo.net/raz/raz/assets/css/fonts/revicons/revicons90c6-2.html]
[htmldemo.net/raz/raz/assets/css/fonts/revicons/revicons90c6-3.html]
[htmldemo.net/raz/raz/assets/css/fonts/revicons/revicons90c6-4.html]
[htmldemo.net/raz/raz/assets/css/plugins/openhand.html]
[htmldemo.net/raz/raz/assets/css/plugins/closedhand.html]
[htmldemo.net/raz/raz/assets/css/assets/gridtile.html]
[htmldemo.net/raz/raz/assets/css/assets/gridtile_white.html]
[htmldemo.net/raz/raz/assets/css/assets/gridtile_3x3.html]
[htmldemo.net/raz/raz/assets/css/assets/gridtile_3x3_white.html]
[htmldemo.net/raz/raz/assets/images/icons/quote-left.html]
[htmldemo.net/raz/raz/assets/img/icon-img/select.html]
[htmldemo.net/raz/raz/assets/images/assets/images/transparent.html]
[htmldemo.net/raz/raz/assets/assets/images/transparent.html]
[htmldemo.net/raz/raz/team-details.html]
[htmldemo.net/raz/raz/assets/images/portfolio/poftfolio-item-11.html]
[htmldemo.net/raz/raz/product-details.html]
